python -m pip install -i https://pypi.org/simple/ django-filter